// Jest Snapshot v1, https://goo.gl/fbAQLP

exports[`Pruebas en <FirstApp /> debe de hacer match con el snapshopt 1`] = `
<div>
  <h1>
     
    Hola, soy un test
     
  </h1>
  <p>
    Subtitulo por defecto
  </p>
  <p>
    Luis Nieves!!!
  </p>
</div>
`;
